// Jest Snapshot v1, https://goo.gl/fbAQLP

exports[`matches snapshot 1`] = `
<DocumentFragment>
  <div
    class="sc-cwSeag gempnc"
  >
    <div
      class="sc-bcXHqe eLQayE"
    >
      Free Shipping on Orders Over $49!
    </div>
    <div
      class="sc-eDWCr lhYMNP"
    >
      <div
        class="sc-bqWxrE gvnzob"
      >
        <div
          class="sc-ksBlkl cxUMGU"
        >
          <span
            class="sc-hBxehG ddBtzW"
          >
            EN
          </span>
          <div
            class="sc-fnGiBr dKybLJ"
          >
            <input
              class="sc-fEXmlR jPVLHP"
              placeholder="search"
            />
            <svg
              aria-hidden="true"
              class="MuiSvgIcon-root MuiSvgIcon-fontSizeMedium css-i4bv87-MuiSvgIcon-root"
              data-testid="SearchIcon"
              focusable="false"
              style="color: white; margin-left: 8px; font-size: 20px; cursor: pointer;"
              viewBox="0 0 24 24"
            >
              <path
                d="M15.5 14h-.79l-.28-.27C15.41 12.59 16 11.11 16 9.5 16 5.91 13.09 3 9.5 3S3 5.91 3 9.5 5.91 16 9.5 16c1.61 0 3.09-.59 4.23-1.57l.27.28v.79l5 4.99L20.49 19l-4.99-5zm-6 0C7.01 14 5 11.99 5 9.5S7.01 5 9.5 5 14 7.01 14 9.5 11.99 14 9.5 14z"
              />
            </svg>
          </div>
        </div>
        <div
          class="sc-bjfHbI kLHHpZ"
        >
          <a
            href="/"
            style="text-decoration: none;"
          >
            <h1
              class="sc-idXgbr csUYOV"
            >
              VIRTUAL SPACE
            </h1>
          </a>
        </div>
        <div
          class="sc-dIfARi ckAuwl"
        >
          <a
            href="/register"
            style="text-decoration: none; color: white;"
          >
            <div
              class="sc-dmctIk hHlIX"
            >
              <div
                class="sc-hHTYSt giXObl"
              >
                REGISTER
              </div>
               
            </div>
          </a>
          <a
            href="/login"
            style="text-decoration: none; color: white;"
          >
            <div
              class="sc-hHTYSt giXObl"
            >
              SIGN IN
            </div>
          </a>
          <a
            href="/cart"
            style="text-decoration: none; color: white;"
          >
            <div
              class="sc-hHTYSt giXObl"
            >
              <span
                class="MuiBadge-root BaseBadge-root css-1c32n2y-MuiBadge-root"
              >
                <svg
                  aria-hidden="true"
                  class="MuiSvgIcon-root MuiSvgIcon-fontSizeMedium css-i4bv87-MuiSvgIcon-root"
                  data-testid="ShoppingCartIcon"
                  focusable="false"
                  viewBox="0 0 24 24"
                >
                  <path
                    d="M7 18c-1.1 0-1.99.9-1.99 2S5.9 22 7 22s2-.9 2-2-.9-2-2-2zM1 2v2h2l3.6 7.59-1.35 2.45c-.16.28-.25.61-.25.96 0 1.1.9 2 2 2h12v-2H7.42c-.14 0-.25-.11-.25-.25l.03-.12.9-1.63h7.45c.75 0 1.41-.41 1.75-1.03l3.58-6.49c.08-.14.12-.31.12-.48 0-.55-.45-1-1-1H5.21l-.94-2H1zm16 16c-1.1 0-1.99.9-1.99 2s.89 2 1.99 2 2-.9 2-2-.9-2-2-2z"
                  />
                </svg>
                <span
                  class="MuiBadge-badge MuiBadge-standard MuiBadge-invisible MuiBadge-anchorOriginTopRight MuiBadge-anchorOriginTopRightRectangular MuiBadge-overlapRectangular MuiBadge-colorSecondary BaseBadge-badge BaseBadge-invisible css-fu0map-MuiBadge-badge"
                />
              </span>
            </div>
          </a>
        </div>
      </div>
    </div>
    <div
      class="sc-lllmON htGZHw"
    >
      <h1
        class="sc-iJnaPW jYoojy"
      >
        Shopping Cart
      </h1>
      <div
        class="sc-gikAfH hgCEuS"
      >
        <div
          class="sc-ezOQGI eZhDOI"
        >
          <hr
            class="sc-eeMvmM jNempU"
          />
        </div>
        <div
          class="sc-cUEOzv djpcdL"
        >
          <h1
            class="sc-jOiSOi elWgKC"
          >
            ORDER SUMMARY
          </h1>
          <div
            class="sc-dPWrhe dKybuT"
          >
            <span
              class="sc-bCfvAP"
            >
              Subtotal
            </span>
            <span
              class="sc-cOxWqc"
            >
              $ 0
            </span>
          </div>
          <div
            class="sc-dPWrhe dKybuT"
          >
            <span
              class="sc-bCfvAP"
            >
              Estimated Shipping
            </span>
            <span
              class="sc-cOxWqc"
            >
              $ 3.50
            </span>
          </div>
          <div
            class="sc-dPWrhe dKybuT"
          >
            <span
              class="sc-bCfvAP"
            >
              Shipping Discount
            </span>
            <span
              class="sc-cOxWqc"
            >
              $ -3.50
            </span>
          </div>
          <div
            class="sc-dPWrhe iefjzY"
            type="total"
          >
            <span
              class="sc-bCfvAP"
            >
              Total
            </span>
            <span
              class="sc-cOxWqc"
            >
              $ 0
            </span>
          </div>
          <button
            class="sc-AHaJN iRhaBs"
          >
            CHECKOUT NOW
          </button>
        </div>
      </div>
    </div>
    <div
      class="sc-gswNZR jofBsk"
    >
      <div
        class="sc-dkrFOg kLzEQW"
      >
        <a
          href="/"
          style="text-decoration: none;"
        >
          <h1
            class="sc-hLBbgP cfrXqI"
          >
            VIRTUAL SPACE
          </h1>
        </a>
        <p
          class="sc-eDvSVe jvdQks"
        >
          Join Virtual Space! Time go a fascinating world!
        </p>
        <div
          class="sc-jSUZER bHEyKf"
        >
          <div
            class="sc-gKPRtg bThFsx"
            color="4267B2"
          >
            <svg
              aria-hidden="true"
              class="MuiSvgIcon-root MuiSvgIcon-fontSizeMedium css-i4bv87-MuiSvgIcon-root"
              data-testid="FacebookIcon"
              focusable="false"
              viewBox="0 0 24 24"
            >
              <path
                d="M5 3h14a2 2 0 0 1 2 2v14a2 2 0 0 1-2 2H5a2 2 0 0 1-2-2V5a2 2 0 0 1 2-2m13 2h-2.5A3.5 3.5 0 0 0 12 8.5V11h-2v3h2v7h3v-7h3v-3h-3V9a1 1 0 0 1 1-1h2V5z"
              />
            </svg>
          </div>
          <div
            class="sc-gKPRtg eqicWh"
            color="cd486b"
          >
            <svg
              aria-hidden="true"
              class="MuiSvgIcon-root MuiSvgIcon-fontSizeMedium css-i4bv87-MuiSvgIcon-root"
              data-testid="InstagramIcon"
              focusable="false"
              viewBox="0 0 24 24"
            >
              <path
                d="M7.8 2h8.4C19.4 2 22 4.6 22 7.8v8.4a5.8 5.8 0 0 1-5.8 5.8H7.8C4.6 22 2 19.4 2 16.2V7.8A5.8 5.8 0 0 1 7.8 2m-.2 2A3.6 3.6 0 0 0 4 7.6v8.8C4 18.39 5.61 20 7.6 20h8.8a3.6 3.6 0 0 0 3.6-3.6V7.6C20 5.61 18.39 4 16.4 4H7.6m9.65 1.5a1.25 1.25 0 0 1 1.25 1.25A1.25 1.25 0 0 1 17.25 8 1.25 1.25 0 0 1 16 6.75a1.25 1.25 0 0 1 1.25-1.25M12 7a5 5 0 0 1 5 5 5 5 0 0 1-5 5 5 5 0 0 1-5-5 5 5 0 0 1 5-5m0 2a3 3 0 0 0-3 3 3 3 0 0 0 3 3 3 3 0 0 0 3-3 3 3 0 0 0-3-3z"
              />
            </svg>
          </div>
          <div
            class="sc-gKPRtg fQhJD"
            color="1DA1F2"
          >
            <svg
              aria-hidden="true"
              class="MuiSvgIcon-root MuiSvgIcon-fontSizeMedium css-i4bv87-MuiSvgIcon-root"
              data-testid="TwitterIcon"
              focusable="false"
              viewBox="0 0 24 24"
            >
              <path
                d="M22.46 6c-.77.35-1.6.58-2.46.69.88-.53 1.56-1.37 1.88-2.38-.83.5-1.75.85-2.72 1.05C18.37 4.5 17.26 4 16 4c-2.35 0-4.27 1.92-4.27 4.29 0 .34.04.67.11.98C8.28 9.09 5.11 7.38 3 4.79c-.37.63-.58 1.37-.58 2.15 0 1.49.75 2.81 1.91 3.56-.71 0-1.37-.2-1.95-.5v.03c0 2.08 1.48 3.82 3.44 4.21a4.22 4.22 0 0 1-1.93.07 4.28 4.28 0 0 0 4 2.98 8.521 8.521 0 0 1-5.33 1.84c-.34 0-.68-.02-1.02-.06C3.44 20.29 5.7 21 8.12 21 16 21 20.33 14.46 20.33 8.79c0-.19 0-.37-.01-.56.84-.6 1.56-1.36 2.14-2.23z"
              />
            </svg>
          </div>
        </div>
      </div>
      <div
        class="sc-iBYQkv jBFHGg"
      >
        <h3
          class="sc-ftTHYK gFQvOI"
        >
          Support
        </h3>
        <ul
          class="sc-pyfCe bBXOyA"
        >
          <li
            class="sc-jrcTuL fBSxcv"
          >
            About Virtual Space
          </li>
          <li
            class="sc-jrcTuL fBSxcv"
          >
            My Account
          </li>
          <li
            class="sc-jrcTuL fBSxcv"
          >
            My Orders
          </li>
          <li
            class="sc-jrcTuL fBSxcv"
          >
            My Favorites
          </li>
          <li
            class="sc-jrcTuL fBSxcv"
          >
            My Cart
          </li>
          <li
            class="sc-jrcTuL fBSxcv"
          >
            Privacy Policy
          </li>
          <li
            class="sc-jrcTuL fBSxcv"
          >
            Refund Policy
          </li>
          <li
            class="sc-jrcTuL fBSxcv"
          >
            Terms of Service
          </li>
        </ul>
      </div>
      <div
        class="sc-kDvujY hcROd"
      >
        <h3
          class="sc-ftTHYK gFQvOI"
        >
          Contact Us
        </h3>
        <div
          class="sc-ipEyDJ hXqFPG"
        >
          <svg
            aria-hidden="true"
            class="MuiSvgIcon-root MuiSvgIcon-fontSizeMedium css-i4bv87-MuiSvgIcon-root"
            data-testid="LocationOnIcon"
            focusable="false"
            style="margin-right: 10px;"
            viewBox="0 0 24 24"
          >
            <path
              d="M12 2C8.13 2 5 5.13 5 9c0 5.25 7 13 7 13s7-7.75 7-13c0-3.87-3.13-7-7-7zm0 9.5c-1.38 0-2.5-1.12-2.5-2.5s1.12-2.5 2.5-2.5 2.5 1.12 2.5 2.5-1.12 2.5-2.5 2.5z"
            />
          </svg>
           27 San Carlos St. Buffalo, NY 14215
        </div>
        <div
          class="sc-ipEyDJ hXqFPG"
        >
          <svg
            aria-hidden="true"
            class="MuiSvgIcon-root MuiSvgIcon-fontSizeMedium css-i4bv87-MuiSvgIcon-root"
            data-testid="PhoneIphoneIcon"
            focusable="false"
            style="margin-right: 10px;"
            viewBox="0 0 24 24"
          >
            <path
              d="M15.5 1h-8C6.12 1 5 2.12 5 3.5v17C5 21.88 6.12 23 7.5 23h8c1.38 0 2.5-1.12 2.5-2.5v-17C18 2.12 16.88 1 15.5 1zm-4 21c-.83 0-1.5-.67-1.5-1.5s.67-1.5 1.5-1.5 1.5.67 1.5 1.5-.67 1.5-1.5 1.5zm4.5-4H7V4h9v14z"
            />
          </svg>
           +1 234 56 7899
        </div>
        <div
          class="sc-ipEyDJ hXqFPG"
        >
          <svg
            aria-hidden="true"
            class="MuiSvgIcon-root MuiSvgIcon-fontSizeMedium css-i4bv87-MuiSvgIcon-root"
            data-testid="EmailIcon"
            focusable="false"
            style="margin-right: 10px;"
            viewBox="0 0 24 24"
          >
            <path
              d="M20 4H4c-1.1 0-1.99.9-1.99 2L2 18c0 1.1.9 2 2 2h16c1.1 0 2-.9 2-2V6c0-1.1-.9-2-2-2zm0 4-8 5-8-5V6l8 5 8-5v2z"
            />
          </svg>
           jo123@gmail.com
        </div>
        <img
          class="sc-csuSiG dabsRR"
          src="https://chargie.org/wp-content/uploads/2021/03/PayPal-stripe-web-opt-300x136-1-300x136-300x136-1.png"
        />
      </div>
    </div>
  </div>
</DocumentFragment>
`;
