// Jest Snapshot v1, https://goo.gl/fbAQLP

exports[`matches snapshot 1`] = `
<DocumentFragment>
  <div
    class="sc-gKPRtg BdipU"
  >
    <div
      class="sc-iBYQkv AOdRb"
    >
      <div
        class="sc-ftTHYK bPjZpQ"
      >
        <h3
          class="sc-pyfCe lnaBVY"
        >
          Dashboard
        </h3>
        <ul
          class="sc-jrcTuL eEEtTg"
        >
          <a
            href="/admin"
            style="text-decoration: none; color: black;"
          >
            <li
              class="sc-kDvujY hQvcpZ"
            >
              <div
                class="sc-csuSiG jbkwuc"
              >
                <svg
                  aria-hidden="true"
                  class="MuiSvgIcon-root MuiSvgIcon-fontSizeMedium css-i4bv87-MuiSvgIcon-root"
                  data-testid="ArticleIcon"
                  focusable="false"
                  viewBox="0 0 24 24"
                >
                  <path
                    d="M19 3H5c-1.1 0-2 .9-2 2v14c0 1.1.9 2 2 2h14c1.1 0 2-.9 2-2V5c0-1.1-.9-2-2-2zm-5 14H7v-2h7v2zm3-4H7v-2h10v2zm0-4H7V7h10v2z"
                  />
                </svg>
              </div>
              Home
            </li>
          </a>
          <li
            class="sc-ipEyDJ cxvbdy"
          >
            <div
              class="sc-csuSiG jbkwuc"
            >
              <svg
                aria-hidden="true"
                class="MuiSvgIcon-root MuiSvgIcon-fontSizeMedium css-i4bv87-MuiSvgIcon-root"
                data-testid="TimelineIcon"
                focusable="false"
                viewBox="0 0 24 24"
              >
                <path
                  d="M23 8c0 1.1-.9 2-2 2-.18 0-.35-.02-.51-.07l-3.56 3.55c.05.16.07.34.07.52 0 1.1-.9 2-2 2s-2-.9-2-2c0-.18.02-.36.07-.52l-2.55-2.55c-.16.05-.34.07-.52.07s-.36-.02-.52-.07l-4.55 4.56c.05.16.07.33.07.51 0 1.1-.9 2-2 2s-2-.9-2-2 .9-2 2-2c.18 0 .35.02.51.07l4.56-4.55C8.02 9.36 8 9.18 8 9c0-1.1.9-2 2-2s2 .9 2 2c0 .18-.02.36-.07.52l2.55 2.55c.16-.05.34-.07.52-.07s.36.02.52.07l3.55-3.56C19.02 8.35 19 8.18 19 8c0-1.1.9-2 2-2s2 .9 2 2z"
                />
              </svg>
            </div>
            Analytics
          </li>
          <li
            class="sc-ipEyDJ cxvbdy"
          >
            <div
              class="sc-csuSiG jbkwuc"
            >
              <svg
                aria-hidden="true"
                class="MuiSvgIcon-root MuiSvgIcon-fontSizeMedium css-i4bv87-MuiSvgIcon-root"
                data-testid="PaidIcon"
                focusable="false"
                viewBox="0 0 24 24"
              >
                <path
                  d="M12 2C6.48 2 2 6.48 2 12s4.48 10 10 10 10-4.48 10-10S17.52 2 12 2zm.88 15.76V19h-1.75v-1.29c-.74-.18-2.39-.77-3.02-2.96l1.65-.67c.06.22.58 2.09 2.4 2.09.93 0 1.98-.48 1.98-1.61 0-.96-.7-1.46-2.28-2.03-1.1-.39-3.35-1.03-3.35-3.31 0-.1.01-2.4 2.62-2.96V5h1.75v1.24c1.84.32 2.51 1.79 2.66 2.23l-1.58.67c-.11-.35-.59-1.34-1.9-1.34-.7 0-1.81.37-1.81 1.39 0 .95.86 1.31 2.64 1.9 2.4.83 3.01 2.05 3.01 3.45 0 2.63-2.5 3.13-3.02 3.22z"
                />
              </svg>
            </div>
            Net Profit
          </li>
        </ul>
      </div>
      <div
        class="sc-ftTHYK bPjZpQ"
      >
        <h3
          class="sc-pyfCe lnaBVY"
        >
          Manage
        </h3>
        <ul
          class="sc-jrcTuL eEEtTg"
        >
          <a
            href="/admin/products/"
            style="text-decoration: none; color: black;"
          >
            <li
              class="sc-ipEyDJ cxvbdy"
            >
              <div
                class="sc-csuSiG jbkwuc"
              >
                <svg
                  aria-hidden="true"
                  class="MuiSvgIcon-root MuiSvgIcon-fontSizeMedium css-i4bv87-MuiSvgIcon-root"
                  data-testid="Inventory2Icon"
                  focusable="false"
                  viewBox="0 0 24 24"
                >
                  <path
                    d="M20 2H4c-1 0-2 .9-2 2v3.01c0 .72.43 1.34 1 1.69V20c0 1.1 1.1 2 2 2h14c.9 0 2-.9 2-2V8.7c.57-.35 1-.97 1-1.69V4c0-1.1-1-2-2-2zm-5 12H9v-2h6v2zm5-7H4V4h16v3z"
                  />
                </svg>
              </div>
              Products
            </li>
          </a>
          <a
            href="/admin/orders"
            style="text-decoration: none; color: black;"
          >
            <li
              class="sc-ipEyDJ cxvbdy"
            >
              <div
                class="sc-csuSiG jbkwuc"
              >
                <svg
                  aria-hidden="true"
                  class="MuiSvgIcon-root MuiSvgIcon-fontSizeMedium css-i4bv87-MuiSvgIcon-root"
                  data-testid="ReceiptLongIcon"
                  focusable="false"
                  viewBox="0 0 24 24"
                >
                  <path
                    d="M19.5 3.5 18 2l-1.5 1.5L15 2l-1.5 1.5L12 2l-1.5 1.5L9 2 7.5 3.5 6 2v14H3v3c0 1.66 1.34 3 3 3h12c1.66 0 3-1.34 3-3V2l-1.5 1.5zM19 19c0 .55-.45 1-1 1s-1-.45-1-1v-3H8V5h11v14z"
                  />
                  <path
                    d="M9 7h6v2H9zm7 0h2v2h-2zm-7 3h6v2H9zm7 0h2v2h-2z"
                  />
                </svg>
              </div>
              Orders
            </li>
          </a>
          <li
            class="sc-ipEyDJ cxvbdy"
          >
            <div
              class="sc-csuSiG jbkwuc"
            >
              <svg
                aria-hidden="true"
                class="MuiSvgIcon-root MuiSvgIcon-fontSizeMedium css-i4bv87-MuiSvgIcon-root"
                data-testid="AssessmentIcon"
                focusable="false"
                viewBox="0 0 24 24"
              >
                <path
                  d="M19 3H5c-1.1 0-2 .9-2 2v14c0 1.1.9 2 2 2h14c1.1 0 2-.9 2-2V5c0-1.1-.9-2-2-2zM9 17H7v-7h2v7zm4 0h-2V7h2v10zm4 0h-2v-4h2v4z"
                />
              </svg>
            </div>
            Reports
          </li>
        </ul>
      </div>
      <div
        class="sc-ftTHYK bPjZpQ"
      >
        <h3
          class="sc-pyfCe lnaBVY"
        >
          Notifications
        </h3>
        <ul
          class="sc-jrcTuL eEEtTg"
        >
          <li
            class="sc-ipEyDJ cxvbdy"
          >
            <div
              class="sc-csuSiG jbkwuc"
            >
              <svg
                aria-hidden="true"
                class="MuiSvgIcon-root MuiSvgIcon-fontSizeMedium css-i4bv87-MuiSvgIcon-root"
                data-testid="MailOutlineIcon"
                focusable="false"
                viewBox="0 0 24 24"
              >
                <path
                  d="M20 4H4c-1.1 0-1.99.9-1.99 2L2 18c0 1.1.9 2 2 2h16c1.1 0 2-.9 2-2V6c0-1.1-.9-2-2-2zm0 14H4V8l8 5 8-5v10zm-8-7L4 6h16l-8 5z"
                />
              </svg>
            </div>
            Mail
          </li>
          <li
            class="sc-ipEyDJ cxvbdy"
          >
            <div
              class="sc-csuSiG jbkwuc"
            >
              <svg
                aria-hidden="true"
                class="MuiSvgIcon-root MuiSvgIcon-fontSizeMedium css-i4bv87-MuiSvgIcon-root"
                data-testid="MessageIcon"
                focusable="false"
                viewBox="0 0 24 24"
              >
                <path
                  d="M20 2H4c-1.1 0-1.99.9-1.99 2L2 22l4-4h14c1.1 0 2-.9 2-2V4c0-1.1-.9-2-2-2zm-2 12H6v-2h12v2zm0-3H6V9h12v2zm0-3H6V6h12v2z"
                />
              </svg>
            </div>
            Messages
          </li>
        </ul>
      </div>
    </div>
  </div>
  <div
    class="sc-eDWCr fQEuTe"
  >
    <div
      class="sc-bqWxrE iVirQj"
    >
      <span
        class="sc-ksBlkl ksIERD"
      >
        Revenue
      </span>
      <div
        class="sc-hBxehG dlChPQ"
      >
        <span
          class="sc-fnGiBr bYdify"
        >
          $
        </span>
        <span
          class="sc-fEXmlR gA-DJKZ"
        >
          0% 
          <div
            class="sc-idXgbr ieXuuo"
          >
            <svg
              aria-hidden="true"
              class="MuiSvgIcon-root MuiSvgIcon-fontSizeMedium css-i4bv87-MuiSvgIcon-root"
              data-testid="ArrowUpwardIcon"
              focusable="false"
              viewBox="0 0 24 24"
            >
              <path
                d="m4 12 1.41 1.41L11 7.83V20h2V7.83l5.58 5.59L20 12l-8-8-8 8z"
              />
            </svg>
          </div>
        </span>
      </div>
      <span
        class="sc-dIfARi gHXcEm"
      >
        Compared to last month
      </span>
    </div>
    <div
      class="sc-bqWxrE iVirQj"
    >
      <span
        class="sc-ksBlkl ksIERD"
      >
        Profit
      </span>
      <div
        class="sc-hBxehG dlChPQ"
      >
        <span
          class="sc-fnGiBr bYdify"
        >
          $NaN
        </span>
        <span
          class="sc-fEXmlR gA-DJKZ"
        >
          -14%
          <div
            class="sc-bjfHbI kRJUbL"
          >
            <svg
              aria-hidden="true"
              class="MuiSvgIcon-root MuiSvgIcon-fontSizeMedium css-i4bv87-MuiSvgIcon-root"
              data-testid="ArrowDownwardIcon"
              focusable="false"
              viewBox="0 0 24 24"
            >
              <path
                d="m20 12-1.41-1.41L13 16.17V4h-2v12.17l-5.58-5.59L4 12l8 8 8-8z"
              />
            </svg>
          </div>
        </span>
      </div>
      <span
        class="sc-dIfARi gHXcEm"
      >
        Compared to last month
      </span>
    </div>
    <div
      class="sc-bqWxrE iVirQj"
    >
      <span
        class="sc-ksBlkl ksIERD"
      >
        Cost
      </span>
      <div
        class="sc-hBxehG dlChPQ"
      >
        <span
          class="sc-fnGiBr bYdify"
        >
          $1500
        </span>
        <span
          class="sc-fEXmlR gA-DJKZ"
        >
          +32%
          <div
            class="sc-idXgbr ieXuuo"
          >
            <svg
              aria-hidden="true"
              class="MuiSvgIcon-root MuiSvgIcon-fontSizeMedium css-i4bv87-MuiSvgIcon-root"
              data-testid="ArrowUpwardIcon"
              focusable="false"
              viewBox="0 0 24 24"
            >
              <path
                d="m4 12 1.41 1.41L11 7.83V20h2V7.83l5.58 5.59L20 12l-8-8-8 8z"
              />
            </svg>
          </div>
        </span>
      </div>
      <span
        class="sc-dIfARi gHXcEm"
      >
        Compared to last month
      </span>
    </div>
  </div>
  <div
    class="sc-kgTSHT gUKEoW"
  >
    <span
      class="sc-fLcnxK huhDxH"
    >
      Your Customers
    </span>
    <ul
      class="sc-bBABsx bneAqS"
    />
  </div>
  <div
    class="sc-ezOQGI bfZQHT"
  >
    <a
      href="/admin/orders"
      style="text-decoration: none; color: black;"
    >
      <h3
        class="sc-bYMpWt cjLmim"
      >
        Latest Orders
      </h3>
    </a>
    <table
      class="sc-kMjNwy cQjMKw"
    >
      <thead>
        <tr
          class="sc-ilhmMj jgQzif"
        >
          <th
            class="sc-jIRcFI dwa-DLU"
          >
            Customer
          </th>
          <th
            class="sc-jIRcFI dwa-DLU"
          >
            Date
          </th>
          <th
            class="sc-jIRcFI dwa-DLU"
          >
            Amount
          </th>
          <th
            class="sc-jIRcFI dwa-DLU"
          >
            Status
          </th>
        </tr>
      </thead>
      <tbody />
    </table>
  </div>
</DocumentFragment>
`;
